=== RESPUESTAS DE KAIROS CON TEMPERATURA BAJA (0.3) ===

Usuario: Hola
Kairos:
<think><0xC4><0x8A>Comprender<0xC4><0xA0>la<0xC4><0xA0>consulta:<0xC4><0xA0>Hola<0xC4><0xA0>consulta:<0xC4><0xA0>Hola<0xC4><0xA0>consulta:<0xC4><0xA0>Hola<0xC4><0xA0>consulta:<0xC4><0xA0>Hola<0xC4><0xA0>consulta:<0xC4><0xA0>Hola<0xC4><0xA0>consulta:<0xC4><0xA0>Hola<0xC4><0xA0>consulta:<0xC4><0xA0>Hola<0xC4><0xA0>consulta:<0xC4><0xA0>Hola<0xC4><0xA0>consulta:<0xC4><0xA0>Hola<0xC4><0xA0>consulta:<0xC4><0xA0>
--------------------------------------------------
Usuario: ¿Cuál es tu nombre?
Kairos:
<think><0xC4><0x8A>Comprender<0xC4><0xA0>la<0xC4><0xA0>consulta:<0xC4><0xA0>¿Cuál<0xC4><0xA0>es<0xC4><0xA0>tu<0xC4><0xA0>nombre?...<0xC4><0x8A>Formular<0xC4><0xA0>respuesta<0xC4><0xA0>estructurada<0xC4><0xA0>y<0xC4><0xA0>lógica.<0xC4><0x8A></think><0xC4><0x8A>tu<0xC4><0xA0>nombre<0xC4><0xA0>es<0xC4><0xA0>una<0xC4><0xA0>computadora<0xC4><0xA0>de<0xC4><0xA0>redes<0xC4><0xA0>sociales,<0xC4><0xA0>como<0xC4>
--------------------------------------------------
Usuario: ¿Cómo estás?
Kairos:
<think><0xC4><0x8A>Comprender<0xC4><0xA0>la<0xC4><0xA0>consulta:<0xC4><0xA0>¿Cómo<0xC4><0xA0>estás?...<0xC4><0x8A>Formular<0xC4><0xA0>respuesta<0xC4><0xA0>estructurada<0xC4><0xA0>y<0xC4><0xA0>lógica.<0xC4><0x8A></think><0xC4><0x8A>El<0xC4><0xA0>cielo<0xC4><0xA0>es<0xC4><0xA0>una<0xC4><0xA0>variedad<0xC4><0xA0>de<0xC4><0xA0>investigación<0xC4><0xA0>de<0xC4><0xA0>procesamiento<0xC4><0xA0>de
--------------------------------------------------